  Determinando os projetos a serem restaurados...
  Todos os projetos est├úo atualizados para restaura├º├úo.
C:\Program Files\dotnet\sdk\10.0.200-preview.0.26103.119\Sdks\Microsoft.NET.Sdk\targets\Microsoft.NET.RuntimeIdentifierInference.targets(383,5): message NETSDK1057: Voc├¬ est├í usando uma vers├úo de visualiza├º├úo do .NET. Veja: https://aka.ms/dotnet-support-policy [C:\Projetos\Fiap\video-processing-engine-video-management-lambda\tests\VideoProcessing.VideoManagement.UnitTests\VideoProcessing.VideoManagement.UnitTests.csproj]
C:\Program Files\dotnet\sdk\10.0.200-preview.0.26103.119\Sdks\Microsoft.NET.Sdk\targets\Microsoft.NET.RuntimeIdentifierInference.targets(383,5): message NETSDK1057: Voc├¬ est├í usando uma vers├úo de visualiza├º├úo do .NET. Veja: https://aka.ms/dotnet-support-policy [C:\Projetos\Fiap\video-processing-engine-video-management-lambda\src\VideoProcessing.VideoManagement.Api\VideoProcessing.VideoManagement.Api.csproj]
C:\Program Files\dotnet\sdk\10.0.200-preview.0.26103.119\Sdks\Microsoft.NET.Sdk\targets\Microsoft.NET.RuntimeIdentifierInference.targets(383,5): message NETSDK1057: Voc├¬ est├í usando uma vers├úo de visualiza├º├úo do .NET. Veja: https://aka.ms/dotnet-support-policy [C:\Projetos\Fiap\video-processing-engine-video-management-lambda\src\VideoProcessing.VideoManagement.Application\VideoProcessing.VideoManagement.Application.csproj]
C:\Program Files\dotnet\sdk\10.0.200-preview.0.26103.119\Sdks\Microsoft.NET.Sdk\targets\Microsoft.NET.RuntimeIdentifierInference.targets(383,5): message NETSDK1057: Voc├¬ est├í usando uma vers├úo de visualiza├º├úo do .NET. Veja: https://aka.ms/dotnet-support-policy [C:\Projetos\Fiap\video-processing-engine-video-management-lambda\src\VideoProcessing.VideoManagement.Infra.CrossCutting\VideoProcessing.VideoManagement.Infra.CrossCutting.csproj]
C:\Program Files\dotnet\sdk\10.0.200-preview.0.26103.119\Sdks\Microsoft.NET.Sdk\targets\Microsoft.NET.RuntimeIdentifierInference.targets(383,5): message NETSDK1057: Voc├¬ est├í usando uma vers├úo de visualiza├º├úo do .NET. Veja: https://aka.ms/dotnet-support-policy [C:\Projetos\Fiap\video-processing-engine-video-management-lambda\src\VideoProcessing.VideoManagement.Domain\VideoProcessing.VideoManagement.Domain.csproj]
C:\Program Files\dotnet\sdk\10.0.200-preview.0.26103.119\Sdks\Microsoft.NET.Sdk\targets\Microsoft.NET.RuntimeIdentifierInference.targets(383,5): message NETSDK1057: Voc├¬ est├í usando uma vers├úo de visualiza├º├úo do .NET. Veja: https://aka.ms/dotnet-support-policy [C:\Projetos\Fiap\video-processing-engine-video-management-lambda\src\VideoProcessing.VideoManagement.Infra.Data\VideoProcessing.VideoManagement.Infra.Data.csproj]
  VideoProcessing.VideoManagement.Domain -> C:\Projetos\Fiap\video-processing-engine-video-management-lambda\src\VideoProcessing.VideoManagement.Domain\bin\Debug\net10.0\VideoProcessing.VideoManagement.Domain.dll
  VideoProcessing.VideoManagement.Application -> C:\Projetos\Fiap\video-processing-engine-video-management-lambda\src\VideoProcessing.VideoManagement.Application\bin\Debug\net10.0\VideoProcessing.VideoManagement.Application.dll
  VideoProcessing.VideoManagement.Infra.Data -> C:\Projetos\Fiap\video-processing-engine-video-management-lambda\src\VideoProcessing.VideoManagement.Infra.Data\bin\Debug\net10.0\VideoProcessing.VideoManagement.Infra.Data.dll
  VideoProcessing.VideoManagement.Infra.CrossCutting -> C:\Projetos\Fiap\video-processing-engine-video-management-lambda\src\VideoProcessing.VideoManagement.Infra.CrossCutting\bin\Debug\net10.0\VideoProcessing.VideoManagement.Infra.CrossCutting.dll
  VideoProcessing.VideoManagement.Api -> C:\Projetos\Fiap\video-processing-engine-video-management-lambda\src\VideoProcessing.VideoManagement.Api\bin\Debug\net10.0\VideoProcessing.VideoManagement.Api.dll
C:\Projetos\Fiap\video-processing-engine-video-management-lambda\tests\VideoProcessing.VideoManagement.UnitTests\Infra\Data\Repositories\VideoRepositoryTests.cs(18,43): error CS1503: Argumento 1: n├úo ├® poss├¡vel converter de "Amazon.DynamoDBv2.DataModel.IDynamoDBContext" para "Amazon.DynamoDBv2.IAmazonDynamoDB" [C:\Projetos\Fiap\video-processing-engine-video-management-lambda\tests\VideoProcessing.VideoManagement.UnitTests\VideoProcessing.VideoManagement.UnitTests.csproj]
C:\Projetos\Fiap\video-processing-engine-video-management-lambda\tests\VideoProcessing.VideoManagement.UnitTests\Infra\Data\Repositories\VideoRepositoryTests.cs(31,34): warning CS0618: "IDynamoDBContext.SaveAsync<T>(T, DynamoDBOperationConfig, CancellationToken)" ├® obsoleto: "Use the SaveAsync overload that takes SaveConfig instead, since DynamoDBOperationConfig contains properties that are not applicable to SaveAsync." [C:\Projetos\Fiap\video-processing-engine-video-management-lambda\tests\VideoProcessing.VideoManagement.UnitTests\VideoProcessing.VideoManagement.UnitTests.csproj]
C:\Projetos\Fiap\video-processing-engine-video-management-lambda\tests\VideoProcessing.VideoManagement.UnitTests\Api\Controllers\HealthControllerTests.cs(25,30): warning CS8602: Desrefer├¬ncia de uma refer├¬ncia possivelmente nula. [C:\Projetos\Fiap\video-processing-engine-video-management-lambda\tests\VideoProcessing.VideoManagement.UnitTests\VideoProcessing.VideoManagement.UnitTests.csproj]
C:\Projetos\Fiap\video-processing-engine-video-management-lambda\tests\VideoProcessing.VideoManagement.UnitTests\Api\Controllers\HealthControllerTests.cs(31,22): warning CS8602: Desrefer├¬ncia de uma refer├¬ncia possivelmente nula. [C:\Projetos\Fiap\video-processing-engine-video-management-lambda\tests\VideoProcessing.VideoManagement.UnitTests\VideoProcessing.VideoManagement.UnitTests.csproj]
C:\Projetos\Fiap\video-processing-engine-video-management-lambda\tests\VideoProcessing.VideoManagement.UnitTests\Api\Controllers\HealthControllerTests.cs(32,25): warning CS8602: Desrefer├¬ncia de uma refer├¬ncia possivelmente nula. [C:\Projetos\Fiap\video-processing-engine-video-management-lambda\tests\VideoProcessing.VideoManagement.UnitTests\VideoProcessing.VideoManagement.UnitTests.csproj]
C:\Projetos\Fiap\video-processing-engine-video-management-lambda\tests\VideoProcessing.VideoManagement.UnitTests\Api\Controllers\HealthControllerTests.cs(36,10): warning CS8605: Executando a convers├úo unboxing de um valor possivelmente nulo. [C:\Projetos\Fiap\video-processing-engine-video-management-lambda\tests\VideoProcessing.VideoManagement.UnitTests\VideoProcessing.VideoManagement.UnitTests.csproj]
C:\Projetos\Fiap\video-processing-engine-video-management-lambda\tests\VideoProcessing.VideoManagement.UnitTests\Infra\Data\Repositories\VideoRepositoryTests.cs(76,9): warning CS8620: O argumento do tipo 'ISetup<IDynamoDBContext, Task<VideoEntity>>' n├úo pode ser usado para o par├ómetro 'mock' do tipo 'IReturns<IDynamoDBContext, Task<VideoEntity?>>' em 'IReturnsResult<IDynamoDBContext> ReturnsExtensions.ReturnsAsync<IDynamoDBContext, VideoEntity?>(IReturns<IDynamoDBContext, Task<VideoEntity?>> mock, VideoEntity? value)' devido a diferen├ºas na nulidade dos tipos de refer├¬ncia. [C:\Projetos\Fiap\video-processing-engine-video-management-lambda\tests\VideoProcessing.VideoManagement.UnitTests\VideoProcessing.VideoManagement.UnitTests.csproj]
